Archive member included to satisfy reference by file (symbol)

D:/STM32CubeIDE/STM32CubeIDE_1.15.1/STM32CubeIDE/plugins/com.st.stm32cube.ide.mcu.externaltools.gnu-tools-for-stm32.12.3.rel1.win32_1.0.100.202403111256/tools/bin/../lib/gcc/arm-none-eabi/12.3.1/../../../../arm-none-eabi/lib/thumb/v7e-m+fp/hard\libc_nano.a(libc_a-exit.o)
                              D:/STM32CubeIDE/STM32CubeIDE_1.15.1/STM32CubeIDE/plugins/com.st.stm32cube.ide.mcu.externaltools.gnu-tools-for-stm32.12.3.rel1.win32_1.0.100.202403111256/tools/bin/../lib/gcc/arm-none-eabi/12.3.1/../../../../arm-none-eabi/lib/thumb/v7e-m+fp/hard/crt0.o (exit)
D:/STM32CubeIDE/STM32CubeIDE_1.15.1/STM32CubeIDE/plugins/com.st.stm32cube.ide.mcu.externaltools.gnu-tools-for-stm32.12.3.rel1.win32_1.0.100.202403111256/tools/bin/../lib/gcc/arm-none-eabi/12.3.1/../../../../arm-none-eabi/lib/thumb/v7e-m+fp/hard\libc_nano.a(libc_a-findfp.o)
                              D:/STM32CubeIDE/STM32CubeIDE_1.15.1/STM32CubeIDE/plugins/com.st.stm32cube.ide.mcu.externaltools.gnu-tools-for-stm32.12.3.rel1.win32_1.0.100.202403111256/tools/bin/../lib/gcc/arm-none-eabi/12.3.1/../../../../arm-none-eabi/lib/thumb/v7e-m+fp/hard\libc_nano.a(libc_a-exit.o) (__stdio_exit_handler)
D:/STM32CubeIDE/STM32CubeIDE_1.15.1/STM32CubeIDE/plugins/com.st.stm32cube.ide.mcu.externaltools.gnu-tools-for-stm32.12.3.rel1.win32_1.0.100.202403111256/tools/bin/../lib/gcc/arm-none-eabi/12.3.1/../../../../arm-none-eabi/lib/thumb/v7e-m+fp/hard\libc_nano.a(libc_a-fwalk.o)
                              D:/STM32CubeIDE/STM32CubeIDE_1.15.1/STM32CubeIDE/plugins/com.st.stm32cube.ide.mcu.externaltools.gnu-tools-for-stm32.12.3.rel1.win32_1.0.100.202403111256/tools/bin/../lib/gcc/arm-none-eabi/12.3.1/../../../../arm-none-eabi/lib/thumb/v7e-m+fp/hard\libc_nano.a(libc_a-findfp.o) (_fwalk_sglue)
D:/STM32CubeIDE/STM32CubeIDE_1.15.1/STM32CubeIDE/plugins/com.st.stm32cube.ide.mcu.externaltools.gnu-tools-for-stm32.12.3.rel1.win32_1.0.100.202403111256/tools/bin/../lib/gcc/arm-none-eabi/12.3.1/../../../../arm-none-eabi/lib/thumb/v7e-m+fp/hard\libc_nano.a(libc_a-stdio.o)
                              D:/STM32CubeIDE/STM32CubeIDE_1.15.1/STM32CubeIDE/plugins/com.st.stm32cube.ide.mcu.externaltools.gnu-tools-for-stm32.12.3.rel1.win32_1.0.100.202403111256/tools/bin/../lib/gcc/arm-none-eabi/12.3.1/../../../../arm-none-eabi/lib/thumb/v7e-m+fp/hard\libc_nano.a(libc_a-findfp.o) (__sread)
D:/STM32CubeIDE/STM32CubeIDE_1.15.1/STM32CubeIDE/plugins/com.st.stm32cube.ide.mcu.externaltools.gnu-tools-for-stm32.12.3.rel1.win32_1.0.100.202403111256/tools/bin/../lib/gcc/arm-none-eabi/12.3.1/../../../../arm-none-eabi/lib/thumb/v7e-m+fp/hard\libc_nano.a(libc_a-memset.o)
                              D:/STM32CubeIDE/STM32CubeIDE_1.15.1/STM32CubeIDE/plugins/com.st.stm32cube.ide.mcu.externaltools.gnu-tools-for-stm32.12.3.rel1.win32_1.0.100.202403111256/tools/bin/../lib/gcc/arm-none-eabi/12.3.1/../../../../arm-none-eabi/lib/thumb/v7e-m+fp/hard/crt0.o (memset)
D:/STM32CubeIDE/STM32CubeIDE_1.15.1/STM32CubeIDE/plugins/com.st.stm32cube.ide.mcu.externaltools.gnu-tools-for-stm32.12.3.rel1.win32_1.0.100.202403111256/tools/bin/../lib/gcc/arm-none-eabi/12.3.1/../../../../arm-none-eabi/lib/thumb/v7e-m+fp/hard\libc_nano.a(libc_a-closer.o)
                              D:/STM32CubeIDE/STM32CubeIDE_1.15.1/STM32CubeIDE/plugins/com.st.stm32cube.ide.mcu.externaltools.gnu-tools-for-stm32.12.3.rel1.win32_1.0.100.202403111256/tools/bin/../lib/gcc/arm-none-eabi/12.3.1/../../../../arm-none-eabi/lib/thumb/v7e-m+fp/hard\libc_nano.a(libc_a-stdio.o) (_close_r)
D:/STM32CubeIDE/STM32CubeIDE_1.15.1/STM32CubeIDE/plugins/com.st.stm32cube.ide.mcu.externaltools.gnu-tools-for-stm32.12.3.rel1.win32_1.0.100.202403111256/tools/bin/../lib/gcc/arm-none-eabi/12.3.1/../../../../arm-none-eabi/lib/thumb/v7e-m+fp/hard\libc_nano.a(libc_a-reent.o)
                              D:/STM32CubeIDE/STM32CubeIDE_1.15.1/STM32CubeIDE/plugins/com.st.stm32cube.ide.mcu.externaltools.gnu-tools-for-stm32.12.3.rel1.win32_1.0.100.202403111256/tools/bin/../lib/gcc/arm-none-eabi/12.3.1/../../../../arm-none-eabi/lib/thumb/v7e-m+fp/hard\libc_nano.a(libc_a-closer.o) (errno)
D:/STM32CubeIDE/STM32CubeIDE_1.15.1/STM32CubeIDE/plugins/com.st.stm32cube.ide.mcu.externaltools.gnu-tools-for-stm32.12.3.rel1.win32_1.0.100.202403111256/tools/bin/../lib/gcc/arm-none-eabi/12.3.1/../../../../arm-none-eabi/lib/thumb/v7e-m+fp/hard\libc_nano.a(libc_a-impure.o)
                              D:/STM32CubeIDE/STM32CubeIDE_1.15.1/STM32CubeIDE/plugins/com.st.stm32cube.ide.mcu.externaltools.gnu-tools-for-stm32.12.3.rel1.win32_1.0.100.202403111256/tools/bin/../lib/gcc/arm-none-eabi/12.3.1/../../../../arm-none-eabi/lib/thumb/v7e-m+fp/hard\libc_nano.a(libc_a-reent.o) (_impure_ptr)
[...]
Memory Configuration

Name             Origin             Length             Attributes
CCMRAM           0x10000000         0x00010000         xrw
RAM              0x20000000         0x00020000         xrw
FLASH            0x08000000         0x00100000         xr
*default*        0x00000000         0xffffffff

Linker script and memory map

LOAD D:/STM32CubeIDE/STM32CubeIDE_1.15.1/STM32CubeIDE/plugins/com.st.stm32cube.ide.mcu.externaltools.gnu-tools-for-stm32.12.3.rel1.win32_1.0.100.202403111256/tools/bin/../lib/gcc/arm-none-eabi/12.3.1/thumb/v7e-m+fp/hard/crti.o
LOAD D:/STM32CubeIDE/STM32CubeIDE_1.15.1/STM32CubeIDE/plugins/com.st.stm32cube.ide.mcu.externaltools.gnu-tools-for-stm32.12.3.rel1.win32_1.0.100.202403111256/tools/bin/../lib/gcc/arm-none-eabi/12.3.1/thumb/v7e-m+fp/hard/crtbegin.o
LOAD D:/STM32CubeIDE/STM32CubeIDE_1.15.1/STM32CubeIDE/plugins/com.st.stm32cube.ide.mcu.externaltools.gnu-tools-for-stm32.12.3.rel1.win32_1.0.100.202403111256/tools/bin/../lib/gcc/arm-none-eabi/12.3.1/../../../../arm-none-eabi/lib/thumb/v7e-m+fp/hard/crt0.o
LOAD ./Src/004_Button_External_Interrupt.o
LOAD ./Src/syscalls.o
LOAD ./Src/sysmem.o
LOAD ./Startup/startup_stm32f407vgtx.o
LOAD ./drivers/src/stm32f407xx_gpio_driver.o
LOAD ./drivers/src/stm32f407xx_spi_driver.o
START GROUP
LOAD D:/STM32CubeIDE/STM32CubeIDE_1.15.1/STM32CubeIDE/plugins/com.st.stm32cube.ide.mcu.externaltools.gnu-tools-for-stm32.12.3.rel1.win32_1.0.100.202403111256/tools/bin/../lib/gcc/arm-none-eabi/12.3.1/../../../../arm-none-eabi/lib/thumb/v7e-m+fp/hard\libc_nano.a
LOAD D:/STM32CubeIDE/STM32CubeIDE_1.15.1/STM32CubeIDE/plugins/com.st.stm32cube.ide.mcu.externaltools.gnu-tools-for-stm32.12.3.rel1.win32_1.0.100.202403111256/tools/bin/../lib/gcc/arm-none-eabi/12.3.1/../../../../arm-none-eabi/lib/thumb/v7e-m+fp/hard\libm.a
END GROUP
START GROUP
LOAD D:/STM32CubeIDE/STM32CubeIDE_1.15.1/STM32CubeIDE/plugins/com.st.stm32cube.ide.mcu.externaltools.gnu-tools-for-stm32.12.3.rel1.win32_1.0.100.202403111256/tools/bin/../lib/gcc/arm-none-eabi/12.3.1/thumb/v7e-m+fp/hard\libgcc.a
LOAD D:/STM32CubeIDE/STM32CubeIDE_1.15.1/STM32CubeIDE/plugins/com.st.stm32cube.ide.mcu.externaltools.gnu-tools-for-stm32.12.3.rel1.win32_1.0.100.202403111256/tools/bin/../lib/gcc/arm-none-eabi/12.3.1/../../../../arm-none-eabi/lib/thumb/v7e-m+fp/hard\libc_nano.a
END GROUP
START GROUP
LOAD D:/STM32CubeIDE/STM32CubeIDE_1.15.1/STM32CubeIDE/plugins/com.st.stm32cube.ide.mcu.externaltools.gnu-tools-for-stm32.12.3.rel1.win32_1.0.100.202403111256/tools/bin/../lib/gcc/arm-none-eabi/12.3.1/thumb/v7e-m+fp/hard\libgcc.a
LOAD D:/STM32CubeIDE/STM32CubeIDE_1.15.1/STM32CubeIDE/plugins/com.st.stm32cube.ide.mcu.externaltools.gnu-tools-for-stm32.12.3.rel1.win32_1.0.100.202403111256/tools/bin/../lib/gcc/arm-none-eabi/12.3.1/../../../../arm-none-eabi/lib/thumb/v7e-m+fp/hard\libc_nano.a
LOAD D:/STM32CubeIDE/STM32CubeIDE_1.15.1/STM32CubeIDE/plugins/com.st.stm32cube.ide.mcu.externaltools.gnu-tools-for-stm32.12.3.rel1.win32_1.0.100.202403111256/tools/bin/../lib/gcc/arm-none-eabi/12.3.1/../../../../arm-none-eabi/lib/thumb/v7e-m+fp/hard\libnosys.a
END GROUP
START GROUP
LOAD D:/STM32CubeIDE/STM32CubeIDE_1.15.1/STM32CubeIDE/plugins/com.st.stm32cube.ide.mcu.externaltools.gnu-tools-for-stm32.12.3.rel1.win32_1.0.100.202403111256/tools/bin/../lib/gcc/arm-none-eabi/12.3.1/thumb/v7e-m+fp/hard\libgcc.a
LOAD D:/STM32CubeIDE/STM32CubeIDE_1.15.1/STM32CubeIDE/plugins/com.st.stm32cube.ide.mcu.externaltools.gnu-tools-for-stm32.12.3.rel1.win32_1.0.100.202403111256/tools/bin/../lib/gcc/arm-none-eabi/12.3.1/../../../../arm-none-eabi/lib/thumb/v7e-m+fp/hard\libc_nano.a
LOAD D:/STM32CubeIDE/STM32CubeIDE_1.15.1/STM32CubeIDE/plugins/com.st.stm32cube.ide.mcu.externaltools.gnu-tools-for-stm32.12.3.rel1.win32_1.0.100.202403111256/tools/bin/../lib/gcc/arm-none-eabi/12.3.1/../../../../arm-none-eabi/lib/thumb/v7e-m+fp/hard\libnosys.a
END GROUP
LOAD D:/STM32CubeIDE/STM32CubeIDE_1.15.1/STM32CubeIDE/plugins/com.st.stm32cube.ide.mcu.externaltools.gnu-tools-for-stm32.12.3.rel1.win32_1.0.100.202403111256/tools/bin/../lib/gcc/arm-none-eabi/12.3.1/thumb/v7e-m+fp/hard/crtend.o
LOAD D:/STM32CubeIDE/STM32CubeIDE_1.15.1/STM32CubeIDE/plugins/com.st.stm32cube.ide.mcu.externaltools.gnu-tools-for-stm32.12.3.rel1.win32_1.0.100.202403111256/tools/bin/../lib/gcc/arm-none-eabi/12.3.1/thumb/v7e-m+fp/hard/crtn.o
                0x20020000                        _estack = (ORIGIN (RAM) + LENGTH (RAM))
                0x00000200                        _Min_Heap_Size = 0x200
                0x00000400                        _Min_Stack_Size = 0x400

.isr_vector     0x08000000      0x188
                0x08000000                        . = ALIGN (0x4)
 *(.isr_vector)
 .isr_vector    0x08000000      0x188 ./Startup/startup_stm32f407vgtx.o
                0x08000000                g_pfnVectors
                0x08000188                        . = ALIGN (0x4)

.text           0x08000188      0x920
                0x08000188                        . = ALIGN (0x4)
 *(.text)
 .text          0x08000188       0x40 D:/STM32CubeIDE/STM32CubeIDE_1.15.1/STM32CubeIDE/plugins/com.st.stm32cube.ide.mcu.externaltools.gnu-tools-for-stm32.12.3.rel1.win32_1.0.100.202403111256/tools/bin/../lib/gcc/arm-none-eabi/12.3.1/thumb/v7e-m+fp/hard/crtbegin.o
 *(.text*)
 .text.main     0x080001c8       0x98 ./Src/004_Button_External_Interrupt.o
                0x080001c8                main
 .text.delay    0x08000260       0x2c ./Src/004_Button_External_Interrupt.o
                0x08000260                delay
 .text.EXTI9_5_IRQHandler
                0x0800028c       0x30 ./Src/004_Button_External_Interrupt.o
                0x0800028c                EXTI9_5_IRQHandler
 .text.Reset_Handler
                0x080002bc       0x50 ./Startup/startup_stm32f407vgtx.o
                0x080002bc                Reset_Handler
 .text.Default_Handler
                0x0800030c        0x2 ./Startup/startup_stm32f407vgtx.o
                0x0800030c                RTC_Alarm_IRQHandler
                0x0800030c                HASH_RNG_IRQHandler
                0x0800030c                EXTI2_IRQHandler
                0x0800030c                TIM8_CC_IRQHandler
                0x0800030c                DebugMon_Handler
                0x0800030c                TIM1_CC_IRQHandler
                0x0800030c                DMA2_Stream5_IRQHandler
                0x0800030c                HardFault_Handler
                0x0800030c                DMA1_Stream5_IRQHandler
                0x0800030c                SysTick_Handler
                0x0800030c                PVD_IRQHandler
                0x0800030c                SDIO_IRQHandler
                0x0800030c                TAMP_STAMP_IRQHandler
                0x0800030c                PendSV_Handler
                0x0800030c                NMI_Handler
                0x0800030c                CAN2_RX1_IRQHandler
                0x0800030c                EXTI3_IRQHandler
                0x0800030c                TIM8_TRG_COM_TIM14_IRQHandler
                0x0800030c                TIM1_UP_TIM10_IRQHandler
                0x0800030c                TIM8_UP_TIM13_IRQHandler
                0x0800030c                I2C3_ER_IRQHandler
                0x0800030c                EXTI0_IRQHandler
                0x0800030c                I2C2_EV_IRQHandler
                0x0800030c                DMA1_Stream2_IRQHandler
                0x0800030c                CAN1_RX0_IRQHandler
                0x0800030c                FPU_IRQHandler
                0x0800030c                OTG_HS_WKUP_IRQHandler
                0x0800030c                UsageFault_Handler
                0x0800030c                CAN2_SCE_IRQHandler
                0x0800030c                DMA2_Stream2_IRQHandler
                0x0800030c                SPI1_IRQHandler
                0x0800030c                TIM6_DAC_IRQHandler
                0x0800030c                TIM1_BRK_TIM9_IRQHandler
                0x0800030c                DCMI_IRQHandler
                0x0800030c                CAN2_RX0_IRQHandler
                0x0800030c                DMA2_Stream3_IRQHandler
                0x0800030c                USART6_IRQHandler
                0x0800030c                USART3_IRQHandler
                0x0800030c                CRYP_IRQHandler
                0x0800030c                CAN1_RX1_IRQHandler
                0x0800030c                UART5_IRQHandler
                0x0800030c                DMA2_Stream0_IRQHandler
                0x0800030c                TIM4_IRQHandler
                0x0800030c                I2C1_EV_IRQHandler
                0x0800030c                DMA1_Stream6_IRQHandler
                0x0800030c                DMA1_Stream1_IRQHandler
                0x0800030c                UART4_IRQHandler
                0x0800030c                TIM3_IRQHandler
                0x0800030c                RCC_IRQHandler
                0x0800030c                TIM8_BRK_TIM12_IRQHandler
                0x0800030c                Default_Handler
                0x0800030c                EXTI15_10_IRQHandler
                0x0800030c                ADC_IRQHandler
                0x0800030c                DMA1_Stream7_IRQHandler
                0x0800030c                TIM7_IRQHandler
                0x0800030c                CAN2_TX_IRQHandler
                0x0800030c                TIM5_IRQHandler
                0x0800030c                DMA2_Stream7_IRQHandler
                0x0800030c                I2C3_EV_IRQHandler
                0x0800030c                RTC_WKUP_IRQHandler
                0x0800030c                ETH_WKUP_IRQHandler
                0x0800030c                SPI2_IRQHandler
                0x0800030c                OTG_HS_EP1_IN_IRQHandler
                0x0800030c                MemManage_Handler
                0x0800030c                DMA1_Stream0_IRQHandler
                0x0800030c                CAN1_TX_IRQHandler
                0x0800030c                SVC_Handler
                0x0800030c                EXTI4_IRQHandler
                0x0800030c                FSMC_IRQHandler
                0x0800030c                ETH_IRQHandler
                0x0800030c                OTG_HS_EP1_OUT_IRQHandler
                0x0800030c                WWDG_IRQHandler
                0x0800030c                TIM2_IRQHandler
                0x0800030c                OTG_FS_WKUP_IRQHandler
                0x0800030c                TIM1_TRG_COM_TIM11_IRQHandler
                0x0800030c                OTG_HS_IRQHandler
                0x0800030c                EXTI1_IRQHandler
                0x0800030c                USART2_IRQHandler
                0x0800030c                I2C2_ER_IRQHandler
                0x0800030c                DMA2_Stream1_IRQHandler
                0x0800030c                CAN1_SCE_IRQHandler
                0x0800030c                DMA2_Stream4_IRQHandler
                0x0800030c                BusFault_Handler
                0x0800030c                USART1_IRQHandler
                0x0800030c                OTG_FS_IRQHandler
                0x0800030c                SPI3_IRQHandler
                0x0800030c                DMA1_Stream4_IRQHandler
                0x0800030c                I2C1_ER_IRQHandler
                0x0800030c                DMA2_Stream6_IRQHandler
                0x0800030c                DMA1_Stream3_IRQHandler
 *fill*         0x0800030e        0x2 
 .text.GPIO_PeriClockControl
                0x08000310      0x1d0 ./drivers/src/stm32f407xx_gpio_driver.o
                0x08000310                GPIO_PeriClockControl
 .text.GPIO_Init
                0x080004e0      0x398 ./drivers/src/stm32f407xx_gpio_driver.o
                0x080004e0                GPIO_Init
 .text.GPIO_ToggleOutputPin
                0x08000878       0x2a ./drivers/src/stm32f407xx_gpio_driver.o
                0x08000878                GPIO_ToggleOutputPin
 *fill*         0x080008a2        0x2 
 .text.GPIO_IRQInterruptConfig
                0x080008a4      0x10c ./drivers/src/stm32f407xx_gpio_driver.o
                0x080008a4                GPIO_IRQInterruptConfig
 .text.GPIO_IRQPriorityConfig
                0x080009b0       0x46 ./drivers/src/stm32f407xx_gpio_driver.o
                0x080009b0                GPIO_IRQPriorityConfig
 *fill*         0x080009f6        0x2 
 .text.GPIO_IRQHandling
                0x080009f8       0x40 ./drivers/src/stm32f407xx_gpio_driver.o
                0x080009f8                GPIO_IRQHandling
 .text.memset   0x08000a38       0x10 D:/STM32CubeIDE/STM32CubeIDE_1.15.1/STM32CubeIDE/plugins/com.st.stm32cube.ide.mcu.externaltools.gnu-tools-for-stm32.12.3.rel1.win32_1.0.100.202403111256/tools/bin/../lib/gcc/arm-none-eabi/12.3.1/../../../../arm-none-eabi/lib/thumb/v7e-m+fp/hard\libc_nano.a(libc_a-memset.o)
                0x08000a38                memset
 .text.__libc_init_array
                0x08000a48       0x48 D:/STM32CubeIDE/STM32CubeIDE_1.15.1/STM32CubeIDE/plugins/com.st.stm32cube.ide.mcu.externaltools.gnu-tools-for-stm32.12.3.rel1.win32_1.0.100.202403111256/tools/bin/../lib/gcc/arm-none-eabi/12.3.1/../../../../arm-none-eabi/lib/thumb/v7e-m+fp/hard\libc_nano.a(libc_a-init.o)
                0x08000a48                __libc_init_array
 *(.glue_7)
 .glue_7        0x08000a90        0x0 linker stubs
 *(.glue_7t)
 .glue_7t       0x08000a90        0x0 linker stubs
 *(.eh_frame)
 .eh_frame      0x08000a90        0x0 D:/STM32CubeIDE/STM32CubeIDE_1.15.1/STM32CubeIDE/plugins/com.st.stm32cube.ide.mcu.externaltools.gnu-tools-for-stm32.12.3.rel1.win32_1.0.100.202403111256/tools/bin/../lib/gcc/arm-none-eabi/12.3.1/thumb/v7e-m+fp/hard/crtbegin.o
 *(.init)
 .init          0x08000a90        0x4 D:/STM32CubeIDE/STM32CubeIDE_1.15.1/STM32CubeIDE/plugins/com.st.stm32cube.ide.mcu.externaltools.gnu-tools-for-stm32.12.3.rel1.win32_1.0.100.202403111256/tools/bin/../lib/gcc/arm-none-eabi/12.3.1/thumb/v7e-m+fp/hard/crti.o
                0x08000a90                _init
 .init          0x08000a94        0x8 D:/STM32CubeIDE/STM32CubeIDE_1.15.1/STM32CubeIDE/plugins/com.st.stm32cube.ide.mcu.externaltools.gnu-tools-for-stm32.12.3.rel1.win32_1.0.100.202403111256/tools/bin/../lib/gcc/arm-none-eabi/12.3.1/thumb/v7e-m+fp/hard/crtn.o
 *(.fini)
 .fini          0x08000a9c        0x4 D:/STM32CubeIDE/STM32CubeIDE_1.15.1/STM32CubeIDE/plugins/com.st.stm32cube.ide.mcu.externaltools.gnu-tools-for-stm32.12.3.rel1.win32_1.0.100.202403111256/tools/bin/../lib/gcc/arm-none-eabi/12.3.1/thumb/v7e-m+fp/hard/crti.o
                0x08000a9c                _fini
 .fini          0x08000aa0        0x8 D:/STM32CubeIDE/STM32CubeIDE_1.15.1/STM32CubeIDE/plugins/com.st.stm32cube.ide.mcu.externaltools.gnu-tools-for-stm32.12.3.rel1.win32_1.0.100.202403111256/tools/bin/../lib/gcc/arm-none-eabi/12.3.1/thumb/v7e-m+fp/hard/crtn.o
                0x08000aa8                        . = ALIGN (0x4)
                0x08000aa8                        _etext = .

.vfp11_veneer   0x08000aa8        0x0
 .vfp11_veneer  0x08000aa8        0x0 linker stubs

.v4_bx          0x08000aa8        0x0
 .v4_bx         0x08000aa8        0x0 linker stubs

.iplt           0x08000aa8        0x0
 .iplt          0x08000aa8        0x0 D:/STM32CubeIDE/STM32CubeIDE_1.15.1/STM32CubeIDE/plugins/com.st.stm32cube.ide.mcu.externaltools.gnu-tools-for-stm32.12.3.rel1.win32_1.0.100.202403111256/tools/bin/../lib/gcc/arm-none-eabi/12.3.1/thumb/v7e-m+fp/hard/crtbegin.o

.rodata         0x08000aa8        0x0
                0x08000aa8                        . = ALIGN (0x4)
 *(.rodata)
 *(.rodata*)
                0x08000aa8                        . = ALIGN (0x4)

.ARM.extab      0x08000aa8        0x0
                0x08000aa8                        . = ALIGN (0x4)
 *(.ARM.extab* .gnu.linkonce.armextab.*)
                0x08000aa8                        . = ALIGN (0x4)

.ARM            0x08000aa8        0x0
                0x08000aa8                        . = ALIGN (0x4)
                0x08000aa8                        __exidx_start = .
 *(.ARM.exidx*)
                0x08000aa8                        __exidx_end = .
                0x08000aa8                        . = ALIGN (0x4)

.preinit_array  0x08000aa8        0x0
                0x08000aa8                        . = ALIGN (0x4)
                0x08000aa8                        PROVIDE (__preinit_array_start = .)
 *(.preinit_array*)
                0x08000aa8                        PROVIDE (__preinit_array_end = .)
                0x08000aa8                        . = ALIGN (0x4)

.init_array     0x08000aa8        0x4
                0x08000aa8                        . = ALIGN (0x4)
                0x08000aa8                        PROVIDE (__init_array_start = .)
 *(SORT_BY_NAME(.init_array.*))
 *(.init_array*)
 .init_array    0x08000aa8        0x4 D:/STM32CubeIDE/STM32CubeIDE_1.15.1/STM32CubeIDE/plugins/com.st.stm32cube.ide.mcu.externaltools.gnu-tools-for-stm32.12.3.rel1.win32_1.0.100.202403111256/tools/bin/../lib/gcc/arm-none-eabi/12.3.1/thumb/v7e-m+fp/hard/crtbegin.o
                0x08000aac                        PROVIDE (__init_array_end = .)
                0x08000aac                        . = ALIGN (0x4)

.fini_array     0x08000aac        0x4
                0x08000aac                        . = ALIGN (0x4)
                [!provide]                        PROVIDE (__fini_array_start = .)
 *(SORT_BY_NAME(.fini_array.*))
 *(.fini_array*)
 .fini_array    0x08000aac        0x4 D:/STM32CubeIDE/STM32CubeIDE_1.15.1/STM32CubeIDE/plugins/com.st.stm32cube.ide.mcu.externaltools.gnu-tools-for-stm32.12.3.rel1.win32_1.0.100.202403111256/tools/bin/../lib/gcc/arm-none-eabi/12.3.1/thumb/v7e-m+fp/hard/crtbegin.o
                [!provide]                        PROVIDE (__fini_array_end = .)
                0x08000ab0                        . = ALIGN (0x4)
                0x08000ab0                        _sidata = LOADADDR (.data)

.rel.dyn        0x08000ab0        0x0
 .rel.iplt      0x08000ab0        0x0 D:/STM32CubeIDE/STM32CubeIDE_1.15.1/STM32CubeIDE/plugins/com.st.stm32cube.ide.mcu.externaltools.gnu-tools-for-stm32.12.3.rel1.win32_1.0.100.202403111256/tools/bin/../lib/gcc/arm-none-eabi/12.3.1/thumb/v7e-m+fp/hard/crtbegin.o

.data           0x20000000        0x0 load address 0x08000ab0
                0x20000000                        . = ALIGN (0x4)
                0x20000000                        _sdata = .
 *(.data)
 *(.data*)
 *(.RamFunc)
 *(.RamFunc*)
                0x20000000                        . = ALIGN (0x4)
                0x20000000                        _edata = .
                0x08000ab0                        _siccmram = LOADADDR (.ccmram)

.igot.plt       0x20000000        0x0 load address 0x08000ab0
 .igot.plt      0x20000000        0x0 D:/STM32CubeIDE/STM32CubeIDE_1.15.1/STM32CubeIDE/plugins/com.st.stm32cube.ide.mcu.externaltools.gnu-tools-for-stm32.12.3.rel1.win32_1.0.100.202403111256/tools/bin/../lib/gcc/arm-none-eabi/12.3.1/thumb/v7e-m+fp/hard/crtbegin.o

.ccmram         0x10000000        0x0 load address 0x08000ab0
                0x10000000                        . = ALIGN (0x4)
                0x10000000                        _sccmram = .
 *(.ccmram)
 *(.ccmram*)
                0x10000000                        . = ALIGN (0x4)
                0x10000000                        _eccmram = .
                0x10000000                        . = ALIGN (0x4)

.bss            0x20000000       0x34
                0x20000000                        _sbss = .
                0x20000000                        __bss_start__ = _sbss
 *(.bss)
 .bss           0x20000000       0x1c D:/STM32CubeIDE/STM32CubeIDE_1.15.1/STM32CubeIDE/plugins/com.st.stm32cube.ide.mcu.externaltools.gnu-tools-for-stm32.12.3.rel1.win32_1.0.100.202403111256/tools/bin/../lib/gcc/arm-none-eabi/12.3.1/thumb/v7e-m+fp/hard/crtbegin.o
 *(.bss*)
 .bss.GpioLed   0x2000001c        0xc ./Src/004_Button_External_Interrupt.o
 .bss.GpioButton
                0x20000028        0xc ./Src/004_Button_External_Interrupt.o
 *(COMMON)
                0x20000034                        . = ALIGN (0x4)
                0x20000034                        _ebss = .
                0x20000034                        __bss_end__ = _ebss

._user_heap_stack
                0x20000034      0x604
                0x20000038                        . = ALIGN (0x8)
 *fill*         0x20000034        0x4 
                [!provide]                        PROVIDE (end = .)
                0x20000038                        PROVIDE (_end = .)
                0x20000238                        . = (. + _Min_Heap_Size)
 *fill*         0x20000038      0x200 
                0x20000638                        . = (. + _Min_Stack_Size)
 *fill*         0x20000238      0x400 
                0x20000638                        . = ALIGN (0x8)

/DISCARD/
 libc.a(*)
 libm.a(*)
 libgcc.a(*)

.ARM.attributes
                0x00000000       0x30
 *(.ARM.attributes)
 .ARM.attributes
                0x00000000       0x22 D:/STM32CubeIDE/STM32CubeIDE_1.15.1/STM32CubeIDE/plugins/com.st.stm32cube.ide.mcu.externaltools.gnu-tools-for-stm32.12.3.rel1.win32_1.0.100.202403111256/tools/bin/../lib/gcc/arm-none-eabi/12.3.1/thumb/v7e-m+fp/hard/crti.o
 .ARM.attributes
                0x00000022       0x34 D:/STM32CubeIDE/STM32CubeIDE_1.15.1/STM32CubeIDE/plugins/com.st.stm32cube.ide.mcu.externaltools.gnu-tools-for-stm32.12.3.rel1.win32_1.0.100.202403111256/tools/bin/../lib/gcc/arm-none-eabi/12.3.1/thumb/v7e-m+fp/hard/crtbegin.o
 .ARM.attributes
                0x00000056       0x34 ./Src/004_Button_External_Interrupt.o
 .ARM.attributes
                0x0000008a       0x21 ./Startup/startup_stm32f407vgtx.o
 .ARM.attributes
                0x000000ab       0x34 ./drivers/src/stm32f407xx_gpio_driver.o
 .ARM.attributes
                0x000000df       0x34 D:/STM32CubeIDE/STM32CubeIDE_1.15.1/STM32CubeIDE/plugins/com.st.stm32cube.ide.mcu.externaltools.gnu-tools-for-stm32.12.3.rel1.win32_1.0.100.202403111256/tools/bin/../lib/gcc/arm-none-eabi/12.3.1/../../../../arm-none-eabi/lib/thumb/v7e-m+fp/hard\libc_nano.a(libc_a-memset.o)
 .ARM.attributes
                0x00000113       0x34 D:/STM32CubeIDE/STM32CubeIDE_1.15.1/STM32CubeIDE/plugins/com.st.stm32cube.ide.mcu.externaltools.gnu-tools-for-stm32.12.3.rel1.win32_1.0.100.202403111256/tools/bin/../lib/gcc/arm-none-eabi/12.3.1/../../../../arm-none-eabi/lib/thumb/v7e-m+fp/hard\libc_nano.a(libc_a-init.o)
 .ARM.attributes
                0x00000147       0x22 D:/STM32CubeIDE/STM32CubeIDE_1.15.1/STM32CubeIDE/plugins/com.st.stm32cube.ide.mcu.externaltools.gnu-tools-for-stm32.12.3.rel1.win32_1.0.100.202403111256/tools/bin/../lib/gcc/arm-none-eabi/12.3.1/thumb/v7e-m+fp/hard/crtn.o
OUTPUT(stm32f4xx_drivers.elf elf32-littlearm)
LOAD linker stubs
LOAD D:/STM32CubeIDE/STM32CubeIDE_1.15.1/STM32CubeIDE/plugins/com.st.stm32cube.ide.mcu.externaltools.gnu-tools-for-stm32.12.3.rel1.win32_1.0.100.202403111256/tools/bin/../lib/gcc/arm-none-eabi/12.3.1/../../../../arm-none-eabi/lib/thumb/v7e-m+fp/hard\libc.a
LOAD D:/STM32CubeIDE/STM32CubeIDE_1.15.1/STM32CubeIDE/plugins/com.st.stm32cube.ide.mcu.externaltools.gnu-tools-for-stm32.12.3.rel1.win32_1.0.100.202403111256/tools/bin/../lib/gcc/arm-none-eabi/12.3.1/../../../../arm-none-eabi/lib/thumb/v7e-m+fp/hard\libm.a
LOAD D:/STM32CubeIDE/STM32CubeIDE_1.15.1/STM32CubeIDE/plugins/com.st.stm32cube.ide.mcu.externaltools.gnu-tools-for-stm32.12.3.rel1.win32_1.0.100.202403111256/tools/bin/../lib/gcc/arm-none-eabi/12.3.1/thumb/v7e-m+fp/hard\libgcc.a

.debug_info     0x00000000      0xa60
 .debug_info    0x00000000      0x2fe ./Src/004_Button_External_Interrupt.o
 .debug_info    0x000002fe       0x30 ./Startup/startup_stm32f407vgtx.o
 .debug_info    0x0000032e      0x732 ./drivers/src/stm32f407xx_gpio_driver.o

.debug_abbrev   0x00000000      0x2e2
 .debug_abbrev  0x00000000      0x126 ./Src/004_Button_External_Interrupt.o
 .debug_abbrev  0x00000126       0x24 ./Startup/startup_stm32f407vgtx.o
 .debug_abbrev  0x0000014a      0x198 ./drivers/src/stm32f407xx_gpio_driver.o

.debug_aranges  0x00000000       0xc8
 .debug_aranges
                0x00000000       0x30 ./Src/004_Button_External_Interrupt.o
 .debug_aranges
                0x00000030       0x28 ./Startup/startup_stm32f407vgtx.o
 .debug_aranges
                0x00000058       0x70 ./drivers/src/stm32f407xx_gpio_driver.o

.debug_rnglists
                0x00000000       0x8c
 .debug_rnglists
                0x00000000       0x20 ./Src/004_Button_External_Interrupt.o
 .debug_rnglists
                0x00000020       0x19 ./Startup/startup_stm32f407vgtx.o
 .debug_rnglists
                0x00000039       0x53 ./drivers/src/stm32f407xx_gpio_driver.o

.debug_macro    0x00000000     0x21b4
 .debug_macro   0x00000000      0x166 ./Src/004_Button_External_Interrupt.o
 .debug_macro   0x00000166      0xac0 ./Src/004_Button_External_Interrupt.o
 .debug_macro   0x00000c26       0x22 ./Src/004_Button_External_Interrupt.o
 .debug_macro   0x00000c48       0x8e ./Src/004_Button_External_Interrupt.o
 .debug_macro   0x00000cd6       0x51 ./Src/004_Button_External_Interrupt.o
 .debug_macro   0x00000d27      0x103 ./Src/004_Button_External_Interrupt.o
 .debug_macro   0x00000e2a       0x6a ./Src/004_Button_External_Interrupt.o
 .debug_macro   0x00000e94      0x1df ./Src/004_Button_External_Interrupt.o
 .debug_macro   0x00001073      0x680 ./Src/004_Button_External_Interrupt.o
 .debug_macro   0x000016f3       0xd1 ./Src/004_Button_External_Interrupt.o
 .debug_macro   0x000017c4       0x61 ./Src/004_Button_External_Interrupt.o
 .debug_macro   0x00001825       0x2a ./Src/004_Button_External_Interrupt.o
 .debug_macro   0x0000184f       0x43 ./Src/004_Button_External_Interrupt.o
 .debug_macro   0x00001892       0x34 ./Src/004_Button_External_Interrupt.o
 .debug_macro   0x000018c6      0x189 ./Src/004_Button_External_Interrupt.o
 .debug_macro   0x00001a4f       0x16 ./Src/004_Button_External_Interrupt.o
 .debug_macro   0x00001a65       0x43 ./Src/004_Button_External_Interrupt.o
 .debug_macro   0x00001aa8       0x34 ./Src/004_Button_External_Interrupt.o
 .debug_macro   0x00001adc       0x10 ./Src/004_Button_External_Interrupt.o
 .debug_macro   0x00001aec       0x58 ./Src/004_Button_External_Interrupt.o
 .debug_macro   0x00001b44       0x8e ./Src/004_Button_External_Interrupt.o
 .debug_macro   0x00001bd2       0x1c ./Src/004_Button_External_Interrupt.o
 .debug_macro   0x00001bee      0x177 ./Src/004_Button_External_Interrupt.o
 .debug_macro   0x00001d65      0x369 ./Src/004_Button_External_Interrupt.o
 .debug_macro   0x000020ce       0x10 ./Src/004_Button_External_Interrupt.o
 .debug_macro   0x000020de       0x35 ./Src/004_Button_External_Interrupt.o
 .debug_macro   0x00002113       0x20 ./Src/004_Button_External_Interrupt.o
 .debug_macro   0x00002133       0x81 ./drivers/src/stm32f407xx_gpio_driver.o

.debug_line     0x00000000     0x131e
 .debug_line    0x00000000      0x78b ./Src/004_Button_External_Interrupt.o
 .debug_line    0x0000078b       0x7b ./Startup/startup_stm32f407vgtx.o
 .debug_line    0x00000806      0xb18 ./drivers/src/stm32f407xx_gpio_driver.o

.debug_str      0x00000000     0x9a7c
 .debug_str     0x00000000     0x9788 ./Src/004_Button_External_Interrupt.o
                               0x9988 (size before relaxing)
 .debug_str     0x00009788       0x3f ./Startup/startup_stm32f407vgtx.o
                                 0xa3 (size before relaxing)
 .debug_str     0x000097c7      0x2b5 ./drivers/src/stm32f407xx_gpio_driver.o
                               0x6700 (size before relaxing)

.comment        0x00000000       0x43
 .comment       0x00000000       0x43 ./Src/004_Button_External_Interrupt.o
                                 0x44 (size before relaxing)
 .comment       0x00000043       0x44 ./drivers/src/stm32f407xx_gpio_driver.o

.debug_frame    0x00000000      0x284
 .debug_frame   0x00000000       0x70 ./Src/004_Button_External_Interrupt.o
 .debug_frame   0x00000070      0x1c8 ./drivers/src/stm32f407xx_gpio_driver.o
 .debug_frame   0x00000238       0x20 D:/STM32CubeIDE/STM32CubeIDE_1.15.1/STM32CubeIDE/plugins/com.st.stm32cube.ide.mcu.externaltools.gnu-tools-for-stm32.12.3.rel1.win32_1.0.100.202403111256/tools/bin/../lib/gcc/arm-none-eabi/12.3.1/../../../../arm-none-eabi/lib/thumb/v7e-m+fp/hard\libc_nano.a(libc_a-memset.o)
 .debug_frame   0x00000258       0x2c D:/STM32CubeIDE/STM32CubeIDE_1.15.1/STM32CubeIDE/plugins/com.st.stm32cube.ide.mcu.externaltools.gnu-tools-for-stm32.12.3.rel1.win32_1.0.100.202403111256/tools/bin/../lib/gcc/arm-none-eabi/12.3.1/../../../../arm-none-eabi/lib/thumb/v7e-m+fp/hard\libc_nano.a(libc_a-init.o)

.debug_line_str
                0x00000000       0x87
 .debug_line_str
                0x00000000       0x87 ./Startup/startup_stm32f407vgtx.o
